Copyright 1986-2020 Xilinx, Inc. All Rights Reserved.
--------------------------------------------------------------------------------------------
| Tool Version : Vivado v.2020.2 (win64) Build 3064766 Wed Nov 18 09:12:45 MST 2020
| Date         : Tue Jul 29 11:39:34 2025
| Host         : DESKTOP-7CFQ9ND running 64-bit major release  (build 9200)
| Command      : report_control_sets -verbose -file TOP_OV7670_HDMI_control_sets_placed.rpt
| Design       : TOP_OV7670_HDMI
| Device       : xc7z010
--------------------------------------------------------------------------------------------

Control Set Information

Table of Contents
-----------------
1. Summary
2. Histogram
3. Flip-Flop Distribution
4. Detailed Control Set Information

1. Summary
----------

+----------------------------------------------------------+-------+
|                          Status                          | Count |
+----------------------------------------------------------+-------+
| Total control sets                                       |   192 |
|    Minimum number of control sets                        |   192 |
|    Addition due to synthesis replication                 |     0 |
|    Addition due to physical synthesis replication        |     0 |
| Unused register locations in slices containing registers |   112 |
+----------------------------------------------------------+-------+
* Control sets can be merged at opt_design using control_set_merge or merge_equivalent_drivers
** Run report_qor_suggestions for automated merging and remapping suggestions


2. Histogram
------------

+--------------------+-------+
|       Fanout       | Count |
+--------------------+-------+
| Total control sets |   192 |
| >= 0 to < 4        |     5 |
| >= 4 to < 6        |     2 |
| >= 6 to < 8        |     2 |
| >= 8 to < 10       |     6 |
| >= 10 to < 12      |     4 |
| >= 12 to < 14      |     2 |
| >= 14 to < 16      |     1 |
| >= 16              |   170 |
+--------------------+-------+
* Control sets can be remapped at either synth_design or opt_design


3. Flip-Flop Distribution
-------------------------

+--------------+-----------------------+------------------------+-----------------+--------------+
| Clock Enable | Synchronous Set/Reset | Asynchronous Set/Reset | Total Registers | Total Slices |
+--------------+-----------------------+------------------------+-----------------+--------------+
| No           | No                    | No                     |              88 |           26 |
| No           | No                    | Yes                    |              72 |           26 |
| No           | Yes                   | No                     |              80 |           36 |
| Yes          | No                    | No                     |            5166 |         2325 |
| Yes          | No                    | Yes                    |              71 |           25 |
| Yes          | Yes                   | No                     |             195 |           60 |
+--------------+-----------------------+------------------------+-----------------+--------------+


4. Detailed Control Set Information
-----------------------------------

+--------------------------------------------+----------------------------------------------------------------+-----------------------------------------------------------------+------------------+----------------+--------------+
|                Clock Signal                |                          Enable Signal                         |                         Set/Reset Signal                        | Slice Load Count | Bel Load Count | Bels / Slice |
+--------------------------------------------+----------------------------------------------------------------+-----------------------------------------------------------------+------------------+----------------+--------------+
|  clk_IBUF_BUFG                             | U_OV7670_Master/U_SCCB_controlUnit/r_scl_i_1_n_0               | reset_IBUF                                                      |                1 |              1 |         1.00 |
|  clk_IBUF_BUFG                             | U_OV7670_Master/U_SCCB_controlUnit/r_sda_i_1_n_0               | reset_IBUF                                                      |                1 |              1 |         1.00 |
|  clk_IBUF_BUFG                             | U_OV7670_Master/U_btn_detector/tick                            | reset_IBUF                                                      |                1 |              1 |         1.00 |
|  clk_IBUF_BUFG                             | U_OV7670_Master/U_SCCB_controlUnit/FSM_onehot_hpd_state_reg[2] | reset_IBUF                                                      |                1 |              1 |         1.00 |
|  pixel_clk                                 |                                                                | reset_IBUF                                                      |                1 |              2 |         2.00 |
|  clk_IBUF_BUFG                             | U_OV7670_Master/U_SCCB_controlUnit/bitCount[3]_i_1_n_0         | reset_IBUF                                                      |                2 |              4 |         2.00 |
|  pixel_clk                                 |                                                                | u_disp/U_VGAController/U_Pix_counter/h_counter_reg[5]_0         |                3 |              4 |         1.33 |
|  clk_IBUF_BUFG                             | U_OV7670_Master/U_SCCB_controlUnit/dataBit[5]_i_1_n_0          | reset_IBUF                                                      |                2 |              6 |         3.00 |
|  clk_IBUF_BUFG                             | u_spi_top/U_SPI_Master/sclk_counter_reg[6]_i_1_n_0             | reset_IBUF                                                      |                2 |              7 |         3.50 |
|  u_spi_top/U_Debounce/counter_reg_reg[0]_0 |                                                                | reset_IBUF                                                      |                2 |              8 |         4.00 |
|  pixel_clk                                 | u_disp/U_OV7670_MemController/v_counter                        | u_disp/U_OV7670_MemController/RSTB                              |                2 |              8 |         4.00 |
|  clk_IBUF_BUFG                             | U_OV7670_Master/U_SCCB_controlUnit/r_addr[7]_i_1_n_0           | reset_IBUF                                                      |                4 |              8 |         2.00 |
|  pixel_clk                                 |                                                                | u_rgb2dvi/DataEncoders[0].DataEncoder/pDataOutRaw[9]_i_1__0_n_0 |                3 |              8 |         2.67 |
|  pixel_clk                                 | u_disp/U_OV7670_MemController/byte0[7]_i_1_n_0                 | reset_IBUF                                                      |                2 |              8 |         4.00 |
|  clk_IBUF_BUFG                             |                                                                | U_OV7670_Master/U_SCCB_controlUnit/SR[0]                        |                2 |              9 |         4.50 |
|  u_disp/U_VGAController/U_Pix_Clk_gen/CLK  |                                                                | reset_IBUF                                                      |                4 |             10 |         2.50 |
|  u_disp/U_VGAController/U_Pix_Clk_gen/CLK  | u_disp/U_VGAController/U_Pix_counter/v_counter                 | reset_IBUF                                                      |                4 |             10 |         2.50 |
|  pixel_clk                                 | u_disp/U_OV7670_MemController/byte_toggle                      | u_disp/U_OV7670_MemController/RSTC                              |                2 |             10 |         5.00 |
|  clk_IBUF_BUFG                             | u_spi_top/U_SPI_Master/bit_counter_reg[2]_i_1_n_0              | reset_IBUF                                                      |                3 |             11 |         3.67 |
|  clk_IBUF_BUFG                             | U_OV7670_Master/U_btn_detector/start_reg_i_1_n_0               | reset_IBUF                                                      |                3 |             12 |         4.00 |
|  pixel_clk                                 |                                                                | u_disp/U_VGAController/U_Pix_counter/r_initProcess_reg_2        |                5 |             12 |         2.40 |
|  clk_IBUF_BUFG                             | u_disp/U_VGAController/U_Pix_counter/v_counter_reg[0]_0        |                                                                 |                3 |             14 |         4.67 |
|  clk_IBUF_BUFG                             | u_disp/U_VGAController/U_Pix_counter/is_red_reg_79             |                                                                 |                5 |             16 |         3.20 |
|  clk_IBUF_BUFG                             | u_disp/U_VGAController/U_Pix_counter/is_blue_reg_79            |                                                                 |                3 |             16 |         5.33 |
|  clk_IBUF_BUFG                             |                                                                |                                                                 |                6 |             18 |         3.00 |
|  clk_IBUF_BUFG                             | u_spi_top/U_Packet_Controller/packet_counter[3]_i_1_n_0        | reset_IBUF                                                      |                6 |             20 |         3.33 |
|  clk_IBUF_BUFG                             | U_OV7670_Master/U_SCCB_controlUnit/E[0]                        | reset_IBUF                                                      |               11 |             29 |         2.64 |
|  pixel_clk                                 |                                                                | u_rgb2dvi/DataEncoders[0].DataEncoder/SR[0]                     |               13 |             29 |         2.23 |
|  clk_IBUF_BUFG                             | u_disp/U_VGAController/U_Pix_counter/is_red_reg_39             |                                                                 |               16 |             32 |         2.00 |
|  clk_IBUF_BUFG                             | u_disp/U_VGAController/U_Pix_counter/is_red_reg_53             |                                                                 |               15 |             32 |         2.13 |
|  clk_IBUF_BUFG                             | u_disp/U_VGAController/U_Pix_counter/is_red_reg_69             |                                                                 |               20 |             32 |         1.60 |
|  clk_IBUF_BUFG                             | u_disp/U_VGAController/U_Pix_counter/is_red_reg_46             |                                                                 |               20 |             32 |         1.60 |
|  clk_IBUF_BUFG                             | u_disp/U_VGAController/U_Pix_counter/is_red_reg_71             |                                                                 |               13 |             32 |         2.46 |
|  clk_IBUF_BUFG                             | u_disp/U_VGAController/U_Pix_counter/is_red_reg_3              |                                                                 |               16 |             32 |         2.00 |
|  clk_IBUF_BUFG                             | u_disp/U_VGAController/U_Pix_counter/is_red_reg_55             |                                                                 |                9 |             32 |         3.56 |
|  clk_IBUF_BUFG                             | u_disp/U_VGAController/U_Pix_counter/is_red_reg_72             |                                                                 |               16 |             32 |         2.00 |
|  clk_IBUF_BUFG                             | u_disp/U_VGAController/U_Pix_counter/is_red_reg_52             |                                                                 |               13 |             32 |         2.46 |
|  clk_IBUF_BUFG                             | u_disp/U_VGAController/U_Pix_counter/is_red_reg_73             |                                                                 |               12 |             32 |         2.67 |
|  clk_IBUF_BUFG                             | u_disp/U_VGAController/U_Pix_counter/is_red_reg_33             |                                                                 |               14 |             32 |         2.29 |
|  clk_IBUF_BUFG                             | u_disp/U_VGAController/U_Pix_counter/is_red_reg_74             |                                                                 |               12 |             32 |         2.67 |
|  clk_IBUF_BUFG                             | u_disp/U_VGAController/U_Pix_counter/is_red_reg_37             |                                                                 |               15 |             32 |         2.13 |
|  clk_IBUF_BUFG                             | u_disp/U_VGAController/U_Pix_counter/is_red_reg_60             |                                                                 |               15 |             32 |         2.13 |
|  clk_IBUF_BUFG                             | u_disp/U_VGAController/U_Pix_counter/is_red_reg_41             |                                                                 |               14 |             32 |         2.29 |
|  clk_IBUF_BUFG                             | u_disp/U_VGAController/U_Pix_counter/is_red_reg_67             |                                                                 |               16 |             32 |         2.00 |
|  clk_IBUF_BUFG                             | u_disp/U_VGAController/U_Pix_counter/is_red_reg_7              |                                                                 |               15 |             32 |         2.13 |
|  clk_IBUF_BUFG                             | u_disp/U_VGAController/U_Pix_counter/is_red_reg_75             |                                                                 |               14 |             32 |         2.29 |
|  clk_IBUF_BUFG                             | u_disp/U_VGAController/U_Pix_counter/is_red_reg_76             |                                                                 |               13 |             32 |         2.46 |
|  clk_IBUF_BUFG                             | u_disp/U_VGAController/U_Pix_counter/is_red_reg_77             |                                                                 |               15 |             32 |         2.13 |
|  clk_IBUF_BUFG                             | u_disp/U_VGAController/U_Pix_counter/is_red_reg_40             |                                                                 |               17 |             32 |         1.88 |
|  clk_IBUF_BUFG                             | u_disp/U_VGAController/U_Pix_counter/is_red_reg_61             |                                                                 |               21 |             32 |         1.52 |
|  clk_IBUF_BUFG                             | u_disp/U_VGAController/U_Pix_counter/is_red_reg_58             |                                                                 |               12 |             32 |         2.67 |
|  clk_IBUF_BUFG                             | u_disp/U_VGAController/U_Pix_counter/is_red_reg_4              |                                                                 |               18 |             32 |         1.78 |
|  clk_IBUF_BUFG                             | u_disp/U_VGAController/U_Pix_counter/is_red_reg_51             |                                                                 |               10 |             32 |         3.20 |
|  clk_IBUF_BUFG                             | u_disp/U_VGAController/U_Pix_counter/is_red_reg_56             |                                                                 |               10 |             32 |         3.20 |
|  clk_IBUF_BUFG                             | u_disp/U_VGAController/U_Pix_counter/is_red_reg_28             |                                                                 |               14 |             32 |         2.29 |
|  clk_IBUF_BUFG                             | u_disp/U_VGAController/U_Pix_counter/is_red_reg_62             |                                                                 |               14 |             32 |         2.29 |
|  clk_IBUF_BUFG                             | u_disp/U_VGAController/U_Pix_counter/is_red_reg_65             |                                                                 |               11 |             32 |         2.91 |
|  clk_IBUF_BUFG                             | u_disp/U_VGAController/U_Pix_counter/is_red_reg_66             |                                                                 |               16 |             32 |         2.00 |
|  clk_IBUF_BUFG                             | u_disp/U_VGAController/U_Pix_counter/is_red_reg_29             |                                                                 |               12 |             32 |         2.67 |
|  clk_IBUF_BUFG                             | u_disp/U_VGAController/U_Pix_counter/is_red_reg_49             |                                                                 |                9 |             32 |         3.56 |
|  clk_IBUF_BUFG                             | u_disp/U_VGAController/U_Pix_counter/is_red_reg_6              |                                                                 |               18 |             32 |         1.78 |
|  clk_IBUF_BUFG                             | u_disp/U_VGAController/U_Pix_counter/is_red_reg_63             |                                                                 |               13 |             32 |         2.46 |
|  clk_IBUF_BUFG                             | u_disp/U_VGAController/U_Pix_counter/is_red_reg_70             |                                                                 |               21 |             32 |         1.52 |
|  clk_IBUF_BUFG                             | u_disp/U_VGAController/U_Pix_counter/is_red_reg_34             |                                                                 |               15 |             32 |         2.13 |
|  clk_IBUF_BUFG                             | u_disp/U_VGAController/U_Pix_counter/is_red_reg_45             |                                                                 |               14 |             32 |         2.29 |
|  clk_IBUF_BUFG                             | u_disp/U_VGAController/U_Pix_counter/is_red_reg_35             |                                                                 |               12 |             32 |         2.67 |
|  clk_IBUF_BUFG                             | u_disp/U_VGAController/U_Pix_counter/is_red_reg_36             |                                                                 |               14 |             32 |         2.29 |
|  clk_IBUF_BUFG                             | u_disp/U_VGAController/U_Pix_counter/is_red_reg_48             |                                                                 |               14 |             32 |         2.29 |
|  clk_IBUF_BUFG                             | u_disp/U_VGAController/U_Pix_counter/is_red_reg_59             |                                                                 |               15 |             32 |         2.13 |
|  clk_IBUF_BUFG                             | u_disp/U_VGAController/U_Pix_counter/is_red_reg_44             |                                                                 |               17 |             32 |         1.88 |
|  clk_IBUF_BUFG                             | u_disp/U_VGAController/U_Pix_counter/is_red_reg_31             |                                                                 |               12 |             32 |         2.67 |
|  clk_IBUF_BUFG                             | u_disp/U_VGAController/U_Pix_counter/is_red_reg_42             |                                                                 |               13 |             32 |         2.46 |
|  clk_IBUF_BUFG                             | u_disp/U_VGAController/U_Pix_counter/is_red_reg_54             |                                                                 |               15 |             32 |         2.13 |
|  clk_IBUF_BUFG                             | u_disp/U_VGAController/U_Pix_counter/is_red_reg_30             |                                                                 |               20 |             32 |         1.60 |
|  clk_IBUF_BUFG                             | u_disp/U_VGAController/U_Pix_counter/is_red_reg_32             |                                                                 |               14 |             32 |         2.29 |
|  clk_IBUF_BUFG                             | u_disp/U_VGAController/U_Pix_counter/is_red_reg_38             |                                                                 |               13 |             32 |         2.46 |
|  clk_IBUF_BUFG                             | u_disp/U_VGAController/U_Pix_counter/is_red_reg_9              |                                                                 |               12 |             32 |         2.67 |
|  clk_IBUF_BUFG                             | u_disp/U_VGAController/U_Pix_counter/is_red_reg_78             |                                                                 |               18 |             32 |         1.78 |
|  clk_IBUF_BUFG                             | u_disp/U_VGAController/U_Pix_counter/is_red_reg_8              |                                                                 |               20 |             32 |         1.60 |
|  clk_IBUF_BUFG                             | u_disp/U_VGAController/U_Pix_counter/is_blue_reg               |                                                                 |               14 |             32 |         2.29 |
|  clk_IBUF_BUFG                             | u_disp/U_VGAController/U_Pix_counter/is_blue_reg_17            |                                                                 |               14 |             32 |         2.29 |
|  clk_IBUF_BUFG                             | u_disp/U_VGAController/U_Pix_counter/is_blue_reg_20            |                                                                 |               14 |             32 |         2.29 |
|  clk_IBUF_BUFG                             | u_disp/U_VGAController/U_Pix_counter/is_blue_reg_21            |                                                                 |               12 |             32 |         2.67 |
|  clk_IBUF_BUFG                             | u_disp/U_VGAController/U_Pix_counter/is_blue_reg_24            |                                                                 |               12 |             32 |         2.67 |
|  clk_IBUF_BUFG                             | u_disp/U_VGAController/U_Pix_counter/is_blue_reg_19            |                                                                 |               13 |             32 |         2.46 |
|  clk_IBUF_BUFG                             | u_disp/U_VGAController/U_Pix_counter/is_blue_reg_2             |                                                                 |               17 |             32 |         1.88 |
|  clk_IBUF_BUFG                             | u_disp/U_VGAController/U_Pix_counter/is_blue_reg_22            |                                                                 |               11 |             32 |         2.91 |
|  clk_IBUF_BUFG                             | u_disp/U_VGAController/U_Pix_counter/is_blue_reg_27            |                                                                 |               15 |             32 |         2.13 |
|  clk_IBUF_BUFG                             | u_disp/U_VGAController/U_Pix_counter/is_blue_reg_28            |                                                                 |               15 |             32 |         2.13 |
|  clk_IBUF_BUFG                             | u_disp/U_VGAController/U_Pix_counter/is_blue_reg_13            |                                                                 |               11 |             32 |         2.91 |
|  clk_IBUF_BUFG                             | u_disp/U_VGAController/U_Pix_counter/is_blue_reg_25            |                                                                 |               12 |             32 |         2.67 |
|  clk_IBUF_BUFG                             | u_disp/U_VGAController/U_Pix_counter/is_blue_reg_12            |                                                                 |               10 |             32 |         3.20 |
|  clk_IBUF_BUFG                             | u_disp/U_VGAController/U_Pix_counter/is_blue_reg_31            |                                                                 |               15 |             32 |         2.13 |
|  clk_IBUF_BUFG                             | u_disp/U_VGAController/U_Pix_counter/is_blue_reg_32            |                                                                 |               15 |             32 |         2.13 |
|  clk_IBUF_BUFG                             | u_disp/U_VGAController/U_Pix_counter/is_blue_reg_34            |                                                                 |               15 |             32 |         2.13 |
|  clk_IBUF_BUFG                             | u_disp/U_VGAController/U_Pix_counter/is_blue_reg_1             |                                                                 |               11 |             32 |         2.91 |
|  clk_IBUF_BUFG                             | u_disp/U_VGAController/U_Pix_counter/is_blue_reg_10            |                                                                 |               12 |             32 |         2.67 |
|  clk_IBUF_BUFG                             | u_disp/U_VGAController/U_Pix_counter/is_blue_reg_38            |                                                                 |               16 |             32 |         2.00 |
|  clk_IBUF_BUFG                             | u_disp/U_VGAController/U_Pix_counter/is_blue_reg_26            |                                                                 |               17 |             32 |         1.88 |
|  clk_IBUF_BUFG                             | u_disp/U_VGAController/U_Pix_counter/is_blue_reg_39            |                                                                 |               15 |             32 |         2.13 |
|  clk_IBUF_BUFG                             | u_disp/U_VGAController/U_Pix_counter/is_blue_reg_4             |                                                                 |               14 |             32 |         2.29 |
|  clk_IBUF_BUFG                             | u_disp/U_VGAController/U_Pix_counter/is_blue_reg_40            |                                                                 |               13 |             32 |         2.46 |
|  clk_IBUF_BUFG                             | u_disp/U_VGAController/U_Pix_counter/is_blue_reg_0             |                                                                 |               20 |             32 |         1.60 |
|  clk_IBUF_BUFG                             | u_disp/U_VGAController/U_Pix_counter/is_blue_reg_16            |                                                                 |               14 |             32 |         2.29 |
|  clk_IBUF_BUFG                             | u_disp/U_VGAController/U_Pix_counter/is_blue_reg_30            |                                                                 |               17 |             32 |         1.88 |
|  clk_IBUF_BUFG                             | u_disp/U_VGAController/U_Pix_counter/is_blue_reg_41            |                                                                 |               15 |             32 |         2.13 |
|  clk_IBUF_BUFG                             | u_disp/U_VGAController/U_Pix_counter/is_blue_reg_42            |                                                                 |               18 |             32 |         1.78 |
|  clk_IBUF_BUFG                             | u_disp/U_VGAController/U_Pix_counter/is_blue_reg_43            |                                                                 |               13 |             32 |         2.46 |
|  clk_IBUF_BUFG                             | u_disp/U_VGAController/U_Pix_counter/is_blue_reg_29            |                                                                 |               14 |             32 |         2.29 |
|  clk_IBUF_BUFG                             | u_disp/U_VGAController/U_Pix_counter/is_blue_reg_14            |                                                                 |               10 |             32 |         3.20 |
|  clk_IBUF_BUFG                             | u_disp/U_VGAController/U_Pix_counter/is_blue_reg_15            |                                                                 |               14 |             32 |         2.29 |
|  clk_IBUF_BUFG                             | u_disp/U_VGAController/U_Pix_counter/is_blue_reg_23            |                                                                 |               15 |             32 |         2.13 |
|  clk_IBUF_BUFG                             | u_disp/U_VGAController/U_Pix_counter/is_blue_reg_44            |                                                                 |               15 |             32 |         2.13 |
|  clk_IBUF_BUFG                             | u_disp/U_VGAController/U_Pix_counter/is_blue_reg_3             |                                                                 |               15 |             32 |         2.13 |
|  clk_IBUF_BUFG                             | u_disp/U_VGAController/U_Pix_counter/is_blue_reg_37            |                                                                 |               14 |             32 |         2.29 |
|  clk_IBUF_BUFG                             | u_disp/U_VGAController/U_Pix_counter/is_blue_reg_11            |                                                                 |                9 |             32 |         3.56 |
|  clk_IBUF_BUFG                             | u_disp/U_VGAController/U_Pix_counter/is_blue_reg_18            |                                                                 |               15 |             32 |         2.13 |
|  clk_IBUF_BUFG                             | u_disp/U_VGAController/U_Pix_counter/is_blue_reg_36            |                                                                 |               12 |             32 |         2.67 |
|  clk_IBUF_BUFG                             | u_disp/U_VGAController/U_Pix_counter/is_blue_reg_33            |                                                                 |               18 |             32 |         1.78 |
|  clk_IBUF_BUFG                             | u_disp/U_VGAController/U_Pix_counter/is_blue_reg_35            |                                                                 |               14 |             32 |         2.29 |
|  clk_IBUF_BUFG                             | u_disp/U_VGAController/U_Pix_counter/is_blue_reg_78            |                                                                 |               19 |             32 |         1.68 |
|  clk_IBUF_BUFG                             | u_disp/U_VGAController/U_Pix_counter/is_blue_reg_66            |                                                                 |               14 |             32 |         2.29 |
|  clk_IBUF_BUFG                             | u_disp/U_VGAController/U_Pix_counter/is_blue_reg_62            |                                                                 |               17 |             32 |         1.88 |
|  clk_IBUF_BUFG                             | u_disp/U_VGAController/U_Pix_counter/is_red_reg_16             |                                                                 |               15 |             32 |         2.13 |
|  clk_IBUF_BUFG                             | u_disp/U_VGAController/U_Pix_counter/is_blue_reg_75            |                                                                 |               13 |             32 |         2.46 |
|  clk_IBUF_BUFG                             | u_disp/U_VGAController/U_Pix_counter/is_blue_reg_52            |                                                                 |               11 |             32 |         2.91 |
|  clk_IBUF_BUFG                             | u_disp/U_VGAController/U_Pix_counter/is_red_reg_19             |                                                                 |               14 |             32 |         2.29 |
|  clk_IBUF_BUFG                             | u_disp/U_VGAController/U_Pix_counter/is_blue_reg_47            |                                                                 |               15 |             32 |         2.13 |
|  clk_IBUF_BUFG                             | u_disp/U_VGAController/U_Pix_counter/is_blue_reg_64            |                                                                 |               12 |             32 |         2.67 |
|  clk_IBUF_BUFG                             | u_disp/U_VGAController/U_Pix_counter/is_blue_reg_46            |                                                                 |               21 |             32 |         1.52 |
|  clk_IBUF_BUFG                             | u_disp/U_VGAController/U_Pix_counter/is_blue_reg_65            |                                                                 |               12 |             32 |         2.67 |
|  clk_IBUF_BUFG                             | u_disp/U_VGAController/U_Pix_counter/is_red_reg_17             |                                                                 |               17 |             32 |         1.88 |
|  clk_IBUF_BUFG                             | u_disp/U_VGAController/U_Pix_counter/is_red_reg_2              |                                                                 |               16 |             32 |         2.00 |
|  clk_IBUF_BUFG                             | u_disp/U_VGAController/U_Pix_counter/is_blue_reg_59            |                                                                 |               17 |             32 |         1.88 |
|  clk_IBUF_BUFG                             | u_disp/U_VGAController/U_Pix_counter/is_blue_reg_6             |                                                                 |               17 |             32 |         1.88 |
|  clk_IBUF_BUFG                             | u_disp/U_VGAController/U_Pix_counter/is_blue_reg_68            |                                                                 |               15 |             32 |         2.13 |
|  clk_IBUF_BUFG                             | u_disp/U_VGAController/U_Pix_counter/is_blue_reg_70            |                                                                 |               18 |             32 |         1.78 |
|  clk_IBUF_BUFG                             | u_disp/U_VGAController/U_Pix_counter/is_blue_reg_58            |                                                                 |               14 |             32 |         2.29 |
|  clk_IBUF_BUFG                             | u_disp/U_VGAController/U_Pix_counter/is_blue_reg_51            |                                                                 |               11 |             32 |         2.91 |
|  clk_IBUF_BUFG                             | u_disp/U_VGAController/U_Pix_counter/is_blue_reg_5             |                                                                 |               14 |             32 |         2.29 |
|  clk_IBUF_BUFG                             | u_disp/U_VGAController/U_Pix_counter/is_blue_reg_53            |                                                                 |               17 |             32 |         1.88 |
|  clk_IBUF_BUFG                             | u_disp/U_VGAController/U_Pix_counter/is_blue_reg_72            |                                                                 |               12 |             32 |         2.67 |
|  clk_IBUF_BUFG                             | u_disp/U_VGAController/U_Pix_counter/is_blue_reg_55            |                                                                 |               10 |             32 |         3.20 |
|  clk_IBUF_BUFG                             | u_disp/U_VGAController/U_Pix_counter/is_blue_reg_74            |                                                                 |               15 |             32 |         2.13 |
|  clk_IBUF_BUFG                             | u_disp/U_VGAController/U_Pix_counter/is_blue_reg_9             |                                                                 |               15 |             32 |         2.13 |
|  clk_IBUF_BUFG                             | u_disp/U_VGAController/U_Pix_counter/is_red_reg_21             |                                                                 |               12 |             32 |         2.67 |
|  clk_IBUF_BUFG                             | u_disp/U_VGAController/U_Pix_counter/is_red_reg_22             |                                                                 |               15 |             32 |         2.13 |
|  clk_IBUF_BUFG                             | u_disp/U_VGAController/U_Pix_counter/is_blue_reg_71            |                                                                 |               17 |             32 |         1.88 |
|  clk_IBUF_BUFG                             | u_disp/U_VGAController/U_Pix_counter/is_blue_reg_67            |                                                                 |               14 |             32 |         2.29 |
|  clk_IBUF_BUFG                             | u_disp/U_VGAController/U_Pix_counter/is_blue_reg_77            |                                                                 |               18 |             32 |         1.78 |
|  clk_IBUF_BUFG                             | u_disp/U_VGAController/U_Pix_counter/is_blue_reg_76            |                                                                 |               16 |             32 |         2.00 |
|  clk_IBUF_BUFG                             | u_disp/U_VGAController/U_Pix_counter/is_blue_reg_54            |                                                                 |               17 |             32 |         1.88 |
|  clk_IBUF_BUFG                             | u_disp/U_VGAController/U_Pix_counter/is_blue_reg_49            |                                                                 |               15 |             32 |         2.13 |
|  clk_IBUF_BUFG                             | u_disp/U_VGAController/U_Pix_counter/is_blue_reg_61            |                                                                 |               13 |             32 |         2.46 |
|  clk_IBUF_BUFG                             | u_disp/U_VGAController/U_Pix_counter/is_blue_reg_45            |                                                                 |               16 |             32 |         2.00 |
|  clk_IBUF_BUFG                             | u_disp/U_VGAController/U_Pix_counter/is_red_reg_10             |                                                                 |               13 |             32 |         2.46 |
|  clk_IBUF_BUFG                             | u_disp/U_VGAController/U_Pix_counter/is_red_reg_23             |                                                                 |               14 |             32 |         2.29 |
|  clk_IBUF_BUFG                             | u_disp/U_VGAController/U_Pix_counter/is_red_reg_24             |                                                                 |               12 |             32 |         2.67 |
|  clk_IBUF_BUFG                             | u_disp/U_VGAController/U_Pix_counter/is_red_reg_25             |                                                                 |               16 |             32 |         2.00 |
|  clk_IBUF_BUFG                             | u_disp/U_VGAController/U_Pix_counter/is_red_reg_26             |                                                                 |               16 |             32 |         2.00 |
|  clk_IBUF_BUFG                             | u_disp/U_VGAController/U_Pix_counter/is_red_reg_27             |                                                                 |               12 |             32 |         2.67 |
|  clk_IBUF_BUFG                             | u_disp/U_VGAController/U_Pix_counter/is_blue_reg_69            |                                                                 |               12 |             32 |         2.67 |
|  clk_IBUF_BUFG                             | u_spi_top/U_Packet_Controller/timer_counter[31]_i_1_n_0        | reset_IBUF                                                      |               11 |             32 |         2.91 |
|  clk_IBUF_BUFG                             | u_disp/U_VGAController/U_Pix_counter/is_blue_reg_73            |                                                                 |               13 |             32 |         2.46 |
|  clk_IBUF_BUFG                             | u_disp/U_VGAController/U_Pix_counter/is_red_reg_15             |                                                                 |               13 |             32 |         2.46 |
|  clk_IBUF_BUFG                             | u_disp/U_VGAController/U_Pix_counter/is_red_reg_18             |                                                                 |               15 |             32 |         2.13 |
|  clk_IBUF_BUFG                             | u_disp/U_VGAController/U_Pix_counter/is_blue_reg_56            |                                                                 |               12 |             32 |         2.67 |
|  clk_IBUF_BUFG                             | u_disp/U_VGAController/U_Pix_counter/is_blue_reg_50            |                                                                 |               16 |             32 |         2.00 |
|  clk_IBUF_BUFG                             | u_disp/U_VGAController/U_Pix_counter/is_red_reg_0              |                                                                 |               14 |             32 |         2.29 |
|  clk_IBUF_BUFG                             | u_disp/U_VGAController/U_Pix_counter/is_red_reg_1              |                                                                 |               16 |             32 |         2.00 |
|  clk_IBUF_BUFG                             | u_disp/U_VGAController/U_Pix_counter/is_blue_reg_60            |                                                                 |               15 |             32 |         2.13 |
|  clk_IBUF_BUFG                             | u_disp/U_VGAController/U_Pix_counter/is_blue_reg_57            |                                                                 |               12 |             32 |         2.67 |
|  clk_IBUF_BUFG                             | u_disp/U_VGAController/U_Pix_counter/is_blue_reg_63            |                                                                 |               14 |             32 |         2.29 |
|  clk_IBUF_BUFG                             | u_disp/U_VGAController/U_Pix_counter/is_red_reg_12             |                                                                 |               11 |             32 |         2.91 |
|  clk_IBUF_BUFG                             | u_disp/U_VGAController/U_Pix_counter/is_red_reg                |                                                                 |               13 |             32 |         2.46 |
|  clk_IBUF_BUFG                             | u_disp/U_VGAController/U_Pix_counter/is_red_reg_13             |                                                                 |               15 |             32 |         2.13 |
|  clk_IBUF_BUFG                             | u_disp/U_VGAController/U_Pix_counter/is_red_reg_20             |                                                                 |               17 |             32 |         1.88 |
|  clk_IBUF_BUFG                             | u_disp/U_VGAController/U_Pix_counter/is_red_reg_11             |                                                                 |               14 |             32 |         2.29 |
|  clk_IBUF_BUFG                             | u_disp/U_VGAController/U_Pix_counter/is_blue_reg_7             |                                                                 |               16 |             32 |         2.00 |
|  clk_IBUF_BUFG                             | u_disp/U_VGAController/U_Pix_counter/is_blue_reg_48            |                                                                 |               17 |             32 |         1.88 |
|  clk_IBUF_BUFG                             | u_disp/U_VGAController/U_Pix_counter/is_red_reg_14             |                                                                 |               17 |             32 |         1.88 |
|  clk_IBUF_BUFG                             | u_disp/U_VGAController/U_Pix_counter/is_red_reg_47             |                                                                 |                9 |             32 |         3.56 |
|  clk_IBUF_BUFG                             | u_disp/U_VGAController/U_Pix_counter/is_red_reg_5              |                                                                 |               15 |             32 |         2.13 |
|  clk_IBUF_BUFG                             | u_disp/U_VGAController/U_Pix_counter/is_red_reg_50             |                                                                 |               12 |             32 |         2.67 |
|  clk_IBUF_BUFG                             | u_disp/U_VGAController/U_Pix_counter/is_red_reg_57             |                                                                 |               14 |             32 |         2.29 |
|  clk_IBUF_BUFG                             | u_disp/U_VGAController/U_Pix_counter/is_red_reg_43             |                                                                 |               19 |             32 |         1.68 |
|  clk_IBUF_BUFG                             | u_disp/U_VGAController/U_Pix_counter/is_red_reg_64             |                                                                 |               13 |             32 |         2.46 |
|  clk_IBUF_BUFG                             | u_disp/U_VGAController/U_Pix_counter/is_red_reg_68             |                                                                 |               16 |             32 |         2.00 |
|  clk_IBUF_BUFG                             | u_disp/U_VGAController/U_Pix_counter/is_blue_reg_8             |                                                                 |               15 |             32 |         2.13 |
|  clk_IBUF_BUFG                             |                                                                | reset_IBUF                                                      |               29 |             70 |         2.41 |
|  pixel_clk                                 |                                                                |                                                                 |               20 |             70 |         3.50 |
|  pixel_clk                                 | u_disp/U_OV7670_MemController/pix_data_reg                     | reset_IBUF                                                      |               27 |             97 |         3.59 |
+--------------------------------------------+----------------------------------------------------------------+-----------------------------------------------------------------+------------------+----------------+--------------+


